// Vitest Snapshot v1, https://vitest.dev/guide/snapshot.html

exports[`Movie Card snapshot > should match the snapshot 1`] = `
<div>
  <a
    href="/movies/movie-1"
  >
    <div
      class="rounded-lg border bg-card text-card-foreground shadow-sm overflow-hidden h-full transition-all duration-200 hover:shadow-lg"
    >
      <div
        class="relative aspect-2/3"
      >
        <img
          alt="Inception"
          class="object-cover"
          data-nimg="fill"
          decoding="async"
          loading="lazy"
          src="/placeholder.svg?height=450&width=300&text=Inception"
          style="position: absolute; height: 100%; width: 100%; left: 0px; top: 0px; right: 0px; bottom: 0px; color: transparent;"
        />
        <button
          aria-label="Add to favorites"
          class="inline-flex items-center justify-center gap-2 whitespace-nowrap text-sm font-medium ring-offset-background transition-colors focus-visible:outline-none focus-visible:ring-2 focus-visible:ring-ring focus-visible:ring-offset-2 disabled:pointer-events-none disabled:opacity-50 [&_svg]:pointer-events-none [&_svg]:size-4 [&_svg]:shrink-0 hover:text-accent-foreground h-10 w-10 absolute top-2 right-2 bg-black/30 hover:bg-black/50 text-white rounded-full p-1.5"
        >
          <svg
            aria-hidden="true"
            class="lucide lucide-heart h-5 w-5"
            fill="none"
            height="24"
            stroke="currentColor"
            stroke-linecap="round"
            stroke-linejoin="round"
            stroke-width="2"
            viewBox="0 0 24 24"
            width="24"
            xmlns="http://www.w3.org/2000/svg"
          >
            <path
              d="M19 14c1.49-1.46 3-3.21 3-5.5A5.5 5.5 0 0 0 16.5 3c-1.76 0-3 .5-4.5 2-1.5-1.5-2.74-2-4.5-2A5.5 5.5 0 0 0 2 8.5c0 2.3 1.5 4.05 3 5.5l7 7Z"
            />
          </svg>
        </button>
      </div>
      <div
        class="p-4"
      >
        <h3
          class="font-semibold text-lg line-clamp-1"
        >
          Inception
        </h3>
        <div
          class="flex items-center mt-1 mb-2"
        >
          <svg
            aria-hidden="true"
            class="lucide lucide-star h-4 w-4 text-yellow-500 fill-yellow-500"
            fill="none"
            height="24"
            stroke="currentColor"
            stroke-linecap="round"
            stroke-linejoin="round"
            stroke-width="2"
            viewBox="0 0 24 24"
            width="24"
            xmlns="http://www.w3.org/2000/svg"
          >
            <path
              d="M11.525 2.295a.53.53 0 0 1 .95 0l2.31 4.679a2.123 2.123 0 0 0 1.595 1.16l5.166.756a.53.53 0 0 1 .294.904l-3.736 3.638a2.123 2.123 0 0 0-.611 1.878l.882 5.14a.53.53 0 0 1-.771.56l-4.618-2.428a2.122 2.122 0 0 0-1.973 0L6.396 21.01a.53.53 0 0 1-.77-.56l.881-5.139a2.122 2.122 0 0 0-.611-1.879L2.16 9.795a.53.53 0 0 1 .294-.906l5.165-.755a2.122 2.122 0 0 0 1.597-1.16z"
            />
          </svg>
          <span
            class="ml-1 text-sm"
          >
            8.8
            /10
          </span>
          <span
            class="mx-2 text-gray-400"
          >
            •
          </span>
          <span
            class="text-sm text-gray-600 dark:text-gray-400"
          >
            2010
          </span>
        </div>
        <p
          class="text-gray-600 dark:text-gray-400 text-sm line-clamp-2"
        >
          A thief who steals corporate secrets.
        </p>
      </div>
      <div
        class="items-center p-6 px-4 py-3 border-t flex flex-wrap gap-1"
      >
        <div
          class="inline-flex items-center rounded-full border px-2.5 py-0.5 font-semibold transition-colors focus:outline-none focus:ring-2 focus:ring-ring focus:ring-offset-2 text-foreground text-xs"
        >
          Sci-Fi
        </div>
        <div
          class="inline-flex items-center rounded-full border px-2.5 py-0.5 font-semibold transition-colors focus:outline-none focus:ring-2 focus:ring-ring focus:ring-offset-2 text-foreground text-xs"
        >
          Action
        </div>
      </div>
    </div>
  </a>
</div>
`;

exports[`Movie Card snapshot > should match the snapshot when a movie has multiple genres 1`] = `
<div>
  <a
    href="/movies/movie-1"
  >
    <div
      class="rounded-lg border bg-card text-card-foreground shadow-sm overflow-hidden h-full transition-all duration-200 hover:shadow-lg"
    >
      <div
        class="relative aspect-2/3"
      >
        <img
          alt="Inception"
          class="object-cover"
          data-nimg="fill"
          decoding="async"
          loading="lazy"
          src="/placeholder.svg?height=450&width=300&text=Inception"
          style="position: absolute; height: 100%; width: 100%; left: 0px; top: 0px; right: 0px; bottom: 0px; color: transparent;"
        />
        <button
          aria-label="Add to favorites"
          class="inline-flex items-center justify-center gap-2 whitespace-nowrap text-sm font-medium ring-offset-background transition-colors focus-visible:outline-none focus-visible:ring-2 focus-visible:ring-ring focus-visible:ring-offset-2 disabled:pointer-events-none disabled:opacity-50 [&_svg]:pointer-events-none [&_svg]:size-4 [&_svg]:shrink-0 hover:text-accent-foreground h-10 w-10 absolute top-2 right-2 bg-black/30 hover:bg-black/50 text-white rounded-full p-1.5"
        >
          <svg
            aria-hidden="true"
            class="lucide lucide-heart h-5 w-5"
            fill="none"
            height="24"
            stroke="currentColor"
            stroke-linecap="round"
            stroke-linejoin="round"
            stroke-width="2"
            viewBox="0 0 24 24"
            width="24"
            xmlns="http://www.w3.org/2000/svg"
          >
            <path
              d="M19 14c1.49-1.46 3-3.21 3-5.5A5.5 5.5 0 0 0 16.5 3c-1.76 0-3 .5-4.5 2-1.5-1.5-2.74-2-4.5-2A5.5 5.5 0 0 0 2 8.5c0 2.3 1.5 4.05 3 5.5l7 7Z"
            />
          </svg>
        </button>
      </div>
      <div
        class="p-4"
      >
        <h3
          class="font-semibold text-lg line-clamp-1"
        >
          Inception
        </h3>
        <div
          class="flex items-center mt-1 mb-2"
        >
          <svg
            aria-hidden="true"
            class="lucide lucide-star h-4 w-4 text-yellow-500 fill-yellow-500"
            fill="none"
            height="24"
            stroke="currentColor"
            stroke-linecap="round"
            stroke-linejoin="round"
            stroke-width="2"
            viewBox="0 0 24 24"
            width="24"
            xmlns="http://www.w3.org/2000/svg"
          >
            <path
              d="M11.525 2.295a.53.53 0 0 1 .95 0l2.31 4.679a2.123 2.123 0 0 0 1.595 1.16l5.166.756a.53.53 0 0 1 .294.904l-3.736 3.638a2.123 2.123 0 0 0-.611 1.878l.882 5.14a.53.53 0 0 1-.771.56l-4.618-2.428a2.122 2.122 0 0 0-1.973 0L6.396 21.01a.53.53 0 0 1-.77-.56l.881-5.139a2.122 2.122 0 0 0-.611-1.879L2.16 9.795a.53.53 0 0 1 .294-.906l5.165-.755a2.122 2.122 0 0 0 1.597-1.16z"
            />
          </svg>
          <span
            class="ml-1 text-sm"
          >
            8.8
            /10
          </span>
          <span
            class="mx-2 text-gray-400"
          >
            •
          </span>
          <span
            class="text-sm text-gray-600 dark:text-gray-400"
          >
            2010
          </span>
        </div>
        <p
          class="text-gray-600 dark:text-gray-400 text-sm line-clamp-2"
        >
          A thief who steals corporate secrets.
        </p>
      </div>
      <div
        class="items-center p-6 px-4 py-3 border-t flex flex-wrap gap-1"
      >
        <div
          class="inline-flex items-center rounded-full border px-2.5 py-0.5 font-semibold transition-colors focus:outline-none focus:ring-2 focus:ring-ring focus:ring-offset-2 text-foreground text-xs"
        >
          Sci-Fi
        </div>
        <div
          class="inline-flex items-center rounded-full border px-2.5 py-0.5 font-semibold transition-colors focus:outline-none focus:ring-2 focus:ring-ring focus:ring-offset-2 text-foreground text-xs"
        >
          Action
        </div>
        <div
          class="inline-flex items-center rounded-full border px-2.5 py-0.5 font-semibold transition-colors focus:outline-none focus:ring-2 focus:ring-ring focus:ring-offset-2 text-foreground text-xs"
        >
          +
          2
        </div>
      </div>
    </div>
  </a>
</div>
`;

exports[`Snapshots do componente movie-card > deve corresponder ao snapshot 1`] = `
<div>
  <a
    href="/movies/movie-1"
  >
    <div
      class="rounded-lg border bg-card text-card-foreground shadow-sm overflow-hidden h-full transition-all duration-200 hover:shadow-lg"
    >
      <div
        class="relative aspect-2/3"
      >
        <img
          alt="Inception"
          class="object-cover"
          data-nimg="fill"
          decoding="async"
          loading="lazy"
          src="/placeholder.svg?height=450&width=300&text=Inception"
          style="position: absolute; height: 100%; width: 100%; left: 0px; top: 0px; right: 0px; bottom: 0px; color: transparent;"
        />
        <button
          aria-label="Add to favorites"
          class="inline-flex items-center justify-center gap-2 whitespace-nowrap text-sm font-medium ring-offset-background transition-colors focus-visible:outline-none focus-visible:ring-2 focus-visible:ring-ring focus-visible:ring-offset-2 disabled:pointer-events-none disabled:opacity-50 [&_svg]:pointer-events-none [&_svg]:size-4 [&_svg]:shrink-0 hover:text-accent-foreground h-10 w-10 absolute top-2 right-2 bg-black/30 hover:bg-black/50 text-white rounded-full p-1.5"
        >
          <svg
            aria-hidden="true"
            class="lucide lucide-heart h-5 w-5"
            fill="none"
            height="24"
            stroke="currentColor"
            stroke-linecap="round"
            stroke-linejoin="round"
            stroke-width="2"
            viewBox="0 0 24 24"
            width="24"
            xmlns="http://www.w3.org/2000/svg"
          >
            <path
              d="M19 14c1.49-1.46 3-3.21 3-5.5A5.5 5.5 0 0 0 16.5 3c-1.76 0-3 .5-4.5 2-1.5-1.5-2.74-2-4.5-2A5.5 5.5 0 0 0 2 8.5c0 2.3 1.5 4.05 3 5.5l7 7Z"
            />
          </svg>
        </button>
      </div>
      <div
        class="p-4"
      >
        <h3
          class="font-semibold text-lg line-clamp-1"
        >
          Inception
        </h3>
        <div
          class="flex items-center mt-1 mb-2"
        >
          <svg
            aria-hidden="true"
            class="lucide lucide-star h-4 w-4 text-yellow-500 fill-yellow-500"
            fill="none"
            height="24"
            stroke="currentColor"
            stroke-linecap="round"
            stroke-linejoin="round"
            stroke-width="2"
            viewBox="0 0 24 24"
            width="24"
            xmlns="http://www.w3.org/2000/svg"
          >
            <path
              d="M11.525 2.295a.53.53 0 0 1 .95 0l2.31 4.679a2.123 2.123 0 0 0 1.595 1.16l5.166.756a.53.53 0 0 1 .294.904l-3.736 3.638a2.123 2.123 0 0 0-.611 1.878l.882 5.14a.53.53 0 0 1-.771.56l-4.618-2.428a2.122 2.122 0 0 0-1.973 0L6.396 21.01a.53.53 0 0 1-.77-.56l.881-5.139a2.122 2.122 0 0 0-.611-1.879L2.16 9.795a.53.53 0 0 1 .294-.906l5.165-.755a2.122 2.122 0 0 0 1.597-1.16z"
            />
          </svg>
          <span
            class="ml-1 text-sm"
          >
            8.8
            /10
          </span>
          <span
            class="mx-2 text-gray-400"
          >
            •
          </span>
          <span
            class="text-sm text-gray-600 dark:text-gray-400"
          >
            2010
          </span>
        </div>
        <p
          class="text-gray-600 dark:text-gray-400 text-sm line-clamp-2"
        >
          A thief who steals corporate secrets.
        </p>
      </div>
      <div
        class="items-center p-6 px-4 py-3 border-t flex flex-wrap gap-1"
      >
        <div
          class="inline-flex items-center rounded-full border px-2.5 py-0.5 font-semibold transition-colors focus:outline-none focus:ring-2 focus:ring-ring focus:ring-offset-2 text-foreground text-xs"
        >
          Sci-Fi
        </div>
        <div
          class="inline-flex items-center rounded-full border px-2.5 py-0.5 font-semibold transition-colors focus:outline-none focus:ring-2 focus:ring-ring focus:ring-offset-2 text-foreground text-xs"
        >
          Action
        </div>
      </div>
    </div>
  </a>
</div>
`;
